392  [main] ERROR c.r.c.service.CountryFileLoader -  Id : AIA  Conflicting With Existing values. [ CountryDTO(country=Anguilla, alphaTwoCode=AI, alphaThreeCode=AIA, numeric=660) ]
506  [main] ERROR com.rc.country.service.GdpLoader -  Id : GdpDTO(country=Australia, countryCode=AUS, year=2009, value=613329776640)  Conflicting With Existing values. [ GdpDTO(country=Australia, countryCode=AUS, year=2009, value=613329776640) ]
526  [main] ERROR com.rc.country.service.GdpLoader - Country Code Not Found : AUS
